
> frontend@0.1.0 build
> vite build

node.exe : [33mThe 
CJS build of Vite's 
Node API is 
deprecated. See https:/
/vite.dev/guide/trouble
shooting.html#vite-cjs-
node-api-deprecated 
for more details.[39m
At line:1 char:1
+ & "C:\Program 
Files\nodejs/node.exe" 
"C:\Program 
Files\nodejs/node_mo 
...
+ ~~~~~~~~~~~~~~~~~~~~~
~~~~~~~~~~~~~~~~~~~~~~~
~~~~~~~~~~~~~~~~~~~~~~~
~~
    + CategoryInfo     
         : NotSpecifi  
  ed: ([33mThe CJS    
 bu...e details.[3    
9m:String) [], Rem    
oteException
    + FullyQualifiedEr 
   rorId : NativeComm  
  andError
 
[36mvite v5.4.21 [32mbuilding for production...[36m[39m
transforming...
[32mΓ£ô[39m 2 modules transformed.
[31mx[39m Build 
failed in 33ms
[31merror during 
build:
[31m[vite:build-import
-analysis] [plugin vite
:build-import-analysis]
 src/index.js (9:21): 
Failed to parse source 
for import analysis 
because the content 
contains invalid JS 
syntax. If you are 
using JSX, make sure 
to name the file with 
the .jsx or .tsx 
extension.[31m
file: [36mC:/Users/Len
ovo/lms-project-with-ai
/frontend/src/index.js:
9:21[31m
[33m
 7:   
<React.StrictMode>
 8:     <App />
 9:   
</React.StrictMode>
                       
  ^
10: );
[31m
    at getRollupError (
file:///C:/Users/Lenovo
/lms-project-with-ai/fr
ontend/node_modules/rol
lup/dist/es/shared/pars
eAst.js:406:41)
    at error (file:///C
:/Users/Lenovo/lms-proj
ect-with-ai/frontend/no
de_modules/rollup/dist/
es/shared/parseAst.js:4
02:42)
    at Object.error (fi
le:///C:/Users/Lenovo/l
ms-project-with-ai/fron
tend/node_modules/rollu
p/dist/es/shared/node-e
ntry.js:22304:20)
    at Object.error (fi
le:///C:/Users/Lenovo/l
ms-project-with-ai/fron
tend/node_modules/rollu
p/dist/es/shared/node-e
ntry.js:21345:42)
    at 
Object.transform (file:
///C:/Users/Lenovo/lms-
project-with-ai/fronten
d/node_modules/vite/dis
t/node/chunks/dep-BK3b2
jBa.js:64913:14)[39m
